// Jest Snapshot v1, https://goo.gl/fbAQLP

exports[`segmentSorter 0 0-1 0-1-2 should sort strings 1`] = `
[
  ".",
  "..",
  "_",
  "a",
  "aa",
  "ab",
  "aA",
  "aB",
  "b",
  "c",
  "d",
  "dd",
  "A",
  "Aa",
  "Ab",
  "AA",
  "AB",
  "B",
  "BB",
  "BBB",
  "C",
  "D",
  "~",
  "中",
]
`;

exports[`segmentSorter 0 0-1 should sort strings 1`] = `
[
  ".",
  "..",
  "_",
  "a",
  "aa",
  "ab",
  "aA",
  "aB",
  "b",
  "c",
  "d",
  "dd",
  "A",
  "Aa",
  "Ab",
  "AA",
  "AB",
  "B",
  "BB",
  "BBB",
  "C",
  "D",
  "~",
  "中",
]
`;

exports[`segmentSorter 0 0-2 0-2-1 should sort strings 1`] = `
[
  ".",
  "..",
  "_",
  "A",
  "AA",
  "AB",
  "Aa",
  "Ab",
  "B",
  "BB",
  "BBB",
  "C",
  "D",
  "a",
  "aA",
  "aB",
  "aa",
  "ab",
  "b",
  "c",
  "d",
  "dd",
  "~",
  "中",
]
`;

exports[`segmentSorter 0 0-2 should sort strings 1`] = `
[
  ".",
  "..",
  "_",
  "A",
  "AA",
  "AB",
  "Aa",
  "Ab",
  "B",
  "BB",
  "BBB",
  "C",
  "D",
  "a",
  "aA",
  "aB",
  "aa",
  "ab",
  "b",
  "c",
  "d",
  "dd",
  "~",
  "中",
]
`;

exports[`segmentSorter 0 0-12 should sort strings 1`] = `
[
  ".",
  "..",
  "_",
  "a",
  "A",
  "aa",
  "aA",
  "Aa",
  "AA",
  "ab",
  "aB",
  "Ab",
  "AB",
  "b",
  "B",
  "BB",
  "BBB",
  "c",
  "C",
  "d",
  "D",
  "dd",
  "~",
  "中",
]
`;

exports[`segmentSorter 0 0-21 should sort strings 1`] = `
[
  ".",
  "..",
  "_",
  "A",
  "a",
  "AA",
  "Aa",
  "aA",
  "aa",
  "AB",
  "Ab",
  "aB",
  "ab",
  "B",
  "b",
  "BB",
  "BBB",
  "C",
  "c",
  "D",
  "d",
  "dd",
  "~",
  "中",
]
`;

exports[`segmentSorter 1 1-0 1-0-2 should sort strings 1`] = `
[
  ".",
  "..",
  "a",
  "aa",
  "ab",
  "aA",
  "aB",
  "b",
  "c",
  "d",
  "dd",
  "_",
  "A",
  "Aa",
  "Ab",
  "AA",
  "AB",
  "B",
  "BB",
  "BBB",
  "C",
  "D",
  "~",
  "中",
]
`;

exports[`segmentSorter 1 1-0 should sort strings 1`] = `
[
  ".",
  "..",
  "a",
  "aa",
  "ab",
  "aA",
  "aB",
  "b",
  "c",
  "d",
  "dd",
  "_",
  "A",
  "Aa",
  "Ab",
  "AA",
  "AB",
  "B",
  "BB",
  "BBB",
  "C",
  "D",
  "~",
  "中",
]
`;

exports[`segmentSorter 1 1-2 1-2-0 should sort strings 1`] = `
[
  ".",
  "..",
  "a",
  "aa",
  "ab",
  "aA",
  "aB",
  "b",
  "c",
  "d",
  "dd",
  "A",
  "Aa",
  "Ab",
  "AA",
  "AB",
  "B",
  "BB",
  "BBB",
  "C",
  "D",
  "_",
  "~",
  "中",
]
`;

exports[`segmentSorter 1 1-2 should sort strings 1`] = `
[
  ".",
  "..",
  "a",
  "aa",
  "ab",
  "aA",
  "aB",
  "b",
  "c",
  "d",
  "dd",
  "A",
  "Aa",
  "Ab",
  "AA",
  "AB",
  "B",
  "BB",
  "BBB",
  "C",
  "D",
  "_",
  "~",
  "中",
]
`;

exports[`segmentSorter 2 2-0 2-0-1 should sort strings 1`] = `
[
  ".",
  "..",
  "A",
  "AA",
  "AB",
  "Aa",
  "Ab",
  "B",
  "BB",
  "BBB",
  "C",
  "D",
  "_",
  "a",
  "aA",
  "aB",
  "aa",
  "ab",
  "b",
  "c",
  "d",
  "dd",
  "~",
  "中",
]
`;

exports[`segmentSorter 2 2-0 should sort strings 1`] = `
[
  ".",
  "..",
  "A",
  "AA",
  "AB",
  "Aa",
  "Ab",
  "B",
  "BB",
  "BBB",
  "C",
  "D",
  "_",
  "a",
  "aA",
  "aB",
  "aa",
  "ab",
  "b",
  "c",
  "d",
  "dd",
  "~",
  "中",
]
`;

exports[`segmentSorter 2 2-1 2-1-0 should sort strings 1`] = `
[
  ".",
  "..",
  "A",
  "AA",
  "AB",
  "Aa",
  "Ab",
  "B",
  "BB",
  "BBB",
  "C",
  "D",
  "a",
  "aA",
  "aB",
  "aa",
  "ab",
  "b",
  "c",
  "d",
  "dd",
  "_",
  "~",
  "中",
]
`;

exports[`segmentSorter 2 2-1 should sort strings 1`] = `
[
  ".",
  "..",
  "A",
  "AA",
  "AB",
  "Aa",
  "Ab",
  "B",
  "BB",
  "BBB",
  "C",
  "D",
  "a",
  "aA",
  "aB",
  "aa",
  "ab",
  "b",
  "c",
  "d",
  "dd",
  "_",
  "~",
  "中",
]
`;

exports[`segmentSorter 12 12-0 should sort strings 1`] = `
[
  ".",
  "..",
  "a",
  "A",
  "aa",
  "aA",
  "Aa",
  "AA",
  "ab",
  "aB",
  "Ab",
  "AB",
  "b",
  "B",
  "BB",
  "BBB",
  "c",
  "C",
  "d",
  "D",
  "dd",
  "_",
  "~",
  "中",
]
`;

exports[`segmentSorter 12 should sort strings 1`] = `
[
  ".",
  "..",
  "a",
  "A",
  "aa",
  "aA",
  "Aa",
  "AA",
  "ab",
  "aB",
  "Ab",
  "AB",
  "b",
  "B",
  "BB",
  "BBB",
  "c",
  "C",
  "d",
  "D",
  "dd",
  "_",
  "~",
  "中",
]
`;

exports[`segmentSorter 21 21-0 should sort strings 1`] = `
[
  ".",
  "..",
  "A",
  "a",
  "AA",
  "Aa",
  "aA",
  "aa",
  "AB",
  "Ab",
  "aB",
  "ab",
  "B",
  "b",
  "BB",
  "BBB",
  "C",
  "c",
  "D",
  "d",
  "dd",
  "_",
  "~",
  "中",
]
`;

exports[`segmentSorter 21 should sort strings 1`] = `
[
  ".",
  "..",
  "A",
  "a",
  "AA",
  "Aa",
  "aA",
  "aa",
  "AB",
  "Ab",
  "aB",
  "ab",
  "B",
  "b",
  "BB",
  "BBB",
  "C",
  "c",
  "D",
  "d",
  "dd",
  "_",
  "~",
  "中",
]
`;
